{"tool":"pest","result":"passed","tests":45,"passed":45,"assertions":156,"duration_ms":3862}
